// Jest Snapshot v1, https://goo.gl/fbAQLP

exports[`renders correctly 1`] = `
<input
  className="css-1citbvd"
/>
`;
